\BOOKMARK [1][]{section.1}{\376\377\000I\000n\000t\000r\000o\000d\000u\000c\000t\000i\000o\000n}{}% 1
\BOOKMARK [1][]{section.2}{\376\377\000B\000a\000c\000k\000g\000r\000o\000u\000n\000d}{}% 2
\BOOKMARK [2][]{subsection.2.1}{\376\377\000S\000o\000l\000i\000d\000i\000t\000y\000\040\000a\000n\000d\000\040\000I\000t\000s\000\040\000N\000u\000m\000e\000r\000i\000c\000\040\000T\000y\000p\000e\000s}{section.2}% 3
\BOOKMARK [2][]{subsection.2.2}{\376\377\000N\000u\000m\000e\000r\000i\000c\000\040\000L\000o\000g\000i\000c\000a\000l\000\040\000V\000u\000l\000n\000e\000r\000a\000b\000i\000l\000i\000t\000i\000e\000s\000\040\000i\000n\000\040\000S\000m\000a\000r\000t\000\040\000C\000o\000n\000t\000r\000a\000c\000t\000s}{section.2}% 4
\BOOKMARK [2][]{subsection.2.3}{\376\377\000L\000i\000m\000i\000t\000a\000t\000i\000o\000n\000s\000\040\000o\000f\000\040\000E\000x\000i\000s\000t\000i\000n\000g\000\040\000D\000e\000t\000e\000c\000t\000i\000o\000n\000\040\000A\000p\000p\000r\000o\000a\000c\000h\000e\000s}{section.2}% 5
\BOOKMARK [3][]{section*.5}{\376\377\000\050\0001\000\051\000\040\000S\000t\000a\000t\000i\000c\000\040\000A\000n\000a\000l\000y\000s\000i\000s\000\040\000\050\000P\000a\000t\000t\000e\000r\000n\000-\000\040\000a\000n\000d\000\040\000R\000u\000l\000e\000-\000B\000a\000s\000e\000d\000\051}{subsection.2.3}% 6
\BOOKMARK [4][]{section*.6}{\376\377\000\050\0002\000\051\000\040\000D\000y\000n\000a\000m\000i\000c\000\040\000A\000n\000a\000l\000y\000s\000i\000s\000,\000\040\000F\000u\000z\000z\000i\000n\000g\000,\000\040\000a\000n\000d\000\040\000C\000o\000n\000c\000o\000l\000i\000c\000\040\000E\000x\000e\000c\000u\000t\000i\000o\000n}{section*.5}% 7
\BOOKMARK [4][]{section*.7}{\376\377\000\050\0003\000\051\000\040\000C\000o\000m\000m\000e\000n\000t\000-\000C\000o\000d\000e\000\040\000I\000n\000c\000o\000n\000s\000i\000s\000t\000e\000n\000c\000y\000\040\000\050\000C\000C\000I\000\051\000\040\000D\000e\000t\000e\000c\000t\000i\000o\000n\000\040\000w\000i\000t\000h\000\040\000N\000a\000t\000u\000r\000a\000l\000\040\000L\000a\000n\000g\000u\000a\000g\000e\000\040\000P\000r\000o\000c\000e\000s\000s\000i\000n\000g}{section*.5}% 8
\BOOKMARK [4][]{section*.8}{\376\377\000\050\0004\000\051\000\040\000F\000o\000r\000m\000a\000l\000\040\000V\000e\000r\000i\000f\000i\000c\000a\000t\000i\000o\000n\000\040\000\050\000e\000.\000g\000.\000,\000\040\000K\000E\000V\000M\000,\000\040\000V\000e\000r\000i\000S\000m\000a\000r\000t\000\051}{section*.5}% 9
\BOOKMARK [2][]{subsection.2.4}{\376\377\000S\000o\000l\000Q\000D\000e\000b\000u\000g\000:\000\040\000F\000o\000u\000n\000d\000a\000t\000i\000o\000n\000\040\000f\000o\000r\000\040\000G\000u\000a\000r\000d\000i\000a\000n}{section.2}% 10
\BOOKMARK [2][]{subsection.2.5}{\376\377\000P\000r\000o\000p\000o\000s\000e\000d\000\040\000W\000o\000r\000k\000:\000\040\000S\000o\000l\000i\000d\000i\000t\000y\000\040\000G\000u\000a\000r\000d\000i\000a\000n}{section.2}% 11
\BOOKMARK [3][]{section*.9}{\376\377\000G\000u\000a\000r\000d\000i\000a\000n\000'\000s\000\040\000S\000o\000l\000u\000t\000i\000o\000n}{subsection.2.5}% 12
\BOOKMARK [4][]{section*.10}{\376\377\000D\000e\000t\000e\000r\000m\000i\000n\000i\000s\000t\000i\000c\000\040\000C\000h\000e\000c\000k\000i\000n\000g\000\040\000P\000r\000o\000c\000e\000d\000u\000r\000e}{section*.9}% 13
\BOOKMARK [4][]{section*.11}{\376\377\000K\000e\000y\000\040\000A\000d\000v\000a\000n\000t\000a\000g\000e\000s}{section*.9}% 14
\BOOKMARK [1][]{section.3}{\376\377\000T\000h\000e\000\040\000D\000e\000s\000i\000g\000n\000\040\000o\000f\000\040\000S\000o\000l\000i\000d\000i\000t\000y\000\040\000G\000u\000a\000r\000d\000i\000a\000n}{}% 15
\BOOKMARK [2][]{subsection.3.1}{\376\377\000S\000y\000s\000t\000e\000m\000\040\000A\000r\000c\000h\000i\000t\000e\000c\000t\000u\000r\000e}{section.3}% 16
\BOOKMARK [3][]{section*.12}{\376\377\000C\000o\000r\000e\000\040\000C\000o\000m\000p\000o\000n\000e\000n\000t\000s}{subsection.3.1}% 17
\BOOKMARK [4][]{section*.13}{\376\377\000W\000o\000r\000k\000f\000l\000o\000w}{section*.12}% 18
\BOOKMARK [2][]{subsection.3.2}{\376\377\000I\000n\000t\000e\000n\000t\000\040\000M\000o\000d\000e\000l}{section.3}% 19
\BOOKMARK [3][]{section*.14}{\376\377\000G\000o\000a\000l\000.}{subsection.3.2}% 20
\BOOKMARK [4][]{section*.15}{\376\377\000F\000o\000r\000m\000u\000l\000a\000s\000\040\000a\000n\000d\000\040\000c\000l\000a\000u\000s\000e\000s\000.}{section*.14}% 21
\BOOKMARK [4][]{section*.16}{\376\377\000P\000r\000i\000m\000i\000t\000i\000v\000e\000\040\000p\000r\000e\000d\000i\000c\000a\000t\000e\000s\000.}{section*.14}% 22
\BOOKMARK [4][]{section*.17}{\376\377\000I\000m\000p\000l\000i\000c\000a\000t\000i\000o\000n\000\040\000\050\000\051\000.}{section*.14}% 23
\BOOKMARK [3][]{subsubsection.3.2.1}{\376\377\000I\000n\000t\000e\000n\000t\000\040\000e\000x\000p\000r\000e\000s\000s\000i\000o\000n\000s}{subsection.3.2}% 24
\BOOKMARK [3][]{subsubsection.3.2.2}{\376\377\000P\000r\000e\040\021\000I\000n\000t\000e\000n\000t\000:\000\040\000s\000e\000e\000d\000i\000n\000g\000\040\000t\000h\000e\000\040\000a\000b\000s\000t\000r\000a\000c\000t\000\040\000s\000t\000o\000r\000e}{subsection.3.2}% 25
\BOOKMARK [2][]{subsection.3.3}{\376\377\000G\000u\000a\000r\000d\000i\000a\000n\000\040\000V\000e\000r\000i\000f\000i\000c\000a\000t\000i\000o\000n\000\040\000E\000n\000g\000i\000n\000e}{section.3}% 26
\BOOKMARK [3][]{subsubsection.3.3.1}{\376\377\000I\000n\000t\000e\000r\000v\000a\000l\000-\000B\000a\000s\000e\000d\000\040\000C\000o\000m\000p\000a\000r\000i\000s\000o\000n}{subsection.3.3}% 27
\BOOKMARK [4][]{section*.18}{\376\377\000M\000e\000m\000b\000e\000r\000s\000h\000i\000p\000\040\000O\000p\000e\000r\000a\000t\000o\000r\000s}{subsubsection.3.3.1}% 28
\BOOKMARK [4][]{section*.19}{\376\377\000T\000e\000m\000p\000o\000r\000a\000l\000\040\000S\000t\000a\000t\000e\000\040\000H\000a\000n\000d\000l\000i\000n\000g}{subsubsection.3.3.1}% 29
\BOOKMARK [4][]{section*.20}{\376\377\000T\000h\000r\000e\000e\000-\000V\000a\000l\000u\000e\000d\000\040\000L\000o\000g\000i\000c\000\040\000f\000o\000r\000\040\000I\000m\000p\000l\000i\000c\000a\000t\000i\000o\000n\000s}{subsubsection.3.3.1}% 30
\BOOKMARK [3][]{subsubsection.3.3.2}{\376\377\000E\000x\000a\000m\000p\000l\000e}{subsection.3.3}% 31
\BOOKMARK [1][]{section.4}{\376\377\000E\000v\000a\000l\000u\000a\000t\000i\000o\000n}{}% 32
\BOOKMARK [2][]{subsection.4.1}{\376\377\000E\000x\000p\000e\000r\000i\000m\000e\000n\000t\000a\000l\000\040\000S\000e\000t\000u\000p}{section.4}% 33
\BOOKMARK [3][]{section*.21}{\376\377\000D\000a\000t\000a\000s\000e\000t}{subsection.4.1}% 34
\BOOKMARK [4][]{section*.22}{\376\377\000B\000a\000s\000e\000l\000i\000n\000e}{section*.21}% 35
\BOOKMARK [4][]{section*.23}{\376\377\000M\000e\000t\000r\000i\000c\000s}{section*.21}% 36
\BOOKMARK [4][]{section*.24}{\376\377\000I\000m\000p\000l\000e\000m\000e\000n\000t\000a\000t\000i\000o\000n}{section*.21}% 37
\BOOKMARK [2][]{subsection.4.2}{\376\377\000R\000Q\0001\000:\000\040\000E\000f\000f\000e\000c\000t\000i\000v\000e\000n\000e\000s\000s\000\040\000i\000n\000\040\000D\000e\000t\000e\000c\000t\000i\000n\000g\000\040\000K\000n\000o\000w\000n\000\040\000N\000u\000m\000e\000r\000i\000c\000\040\000D\000e\000f\000e\000c\000t\000s}{section.4}% 38
\BOOKMARK [3][]{section*.25}{\376\377\000M\000e\000t\000h\000o\000d\000o\000l\000o\000g\000y}{subsection.4.2}% 39
\BOOKMARK [4][]{section*.26}{\376\377\000E\000x\000a\000m\000p\000l\000e\000:\000\040\000O\000p\000e\000r\000a\000t\000o\000r\000-\000O\000r\000d\000e\000r\000\040\000E\000r\000r\000o\000r}{section*.25}% 40
\BOOKMARK [4][]{section*.27}{\376\377\000R\000e\000s\000u\000l\000t\000s\000\040\000A\000c\000r\000o\000s\000s\000\040\000A\000l\000l\000\040\000D\000e\000f\000e\000c\000t\000\040\000T\000y\000p\000e\000s}{section*.25}% 41
\BOOKMARK [2][]{subsection.4.3}{\376\377\000R\000Q\0002\000:\000\040\000E\000x\000p\000r\000e\000s\000s\000i\000v\000e\000n\000e\000s\000s\000\040\000o\000f\000\040\000t\000h\000e\000\040\000G\000u\000a\000r\000d\000i\000a\000n\000\040\000D\000S\000L}{section.4}% 42
\BOOKMARK [2][]{subsection.4.4}{\376\377\000R\000Q\0003\000:\000\040\000P\000e\000r\000f\000o\000r\000m\000a\000n\000c\000e\000\040\000a\000n\000d\000\040\000R\000e\000s\000p\000o\000n\000s\000e\000\040\000T\000i\000m\000e}{section.4}% 43
\BOOKMARK [1][]{section.5}{\376\377\000D\000i\000s\000c\000u\000s\000s\000i\000o\000n}{}% 44
\BOOKMARK [2][]{subsection.5.1}{\376\377\000D\000e\000s\000i\000g\000n\000\040\000G\000e\000n\000e\000r\000a\000l\000i\000t\000y\000\040\000a\000n\000d\000\040\000C\000u\000r\000r\000e\000n\000t\000\040\000S\000c\000o\000p\000e}{section.5}% 45
\BOOKMARK [3][]{section*.30}{\376\377\000I\000m\000p\000l\000i\000c\000a\000t\000i\000o\000n\000s\000\040\000f\000o\000r\000\040\000G\000e\000n\000e\000r\000a\000l\000i\000z\000a\000b\000i\000l\000i\000t\000y}{subsection.5.1}% 46
\BOOKMARK [2][]{subsection.5.2}{\376\377\000L\000i\000m\000i\000t\000a\000t\000i\000o\000n\000s}{section.5}% 47
\BOOKMARK [3][]{section*.31}{\376\377\000E\000x\000p\000r\000e\000s\000s\000i\000v\000e\000n\000e\000s\000s\000\040\000S\000c\000o\000p\000e}{subsection.5.2}% 48
\BOOKMARK [4][]{section*.32}{\376\377\000S\000o\000u\000n\000d\000n\000e\000s\000s\000\040\000v\000s\000.\000\040\000P\000r\000e\000c\000i\000s\000i\000o\000n\000\040\000T\000r\000a\000d\000e\000-\000o\000f\000f}{section*.31}% 49
\BOOKMARK [1][]{section.6}{\376\377\000R\000e\000l\000a\000t\000e\000d\000\040\000W\000o\000r\000k\000s}{}% 50
\BOOKMARK [2][]{subsection.6.1}{\376\377\000P\000a\000t\000t\000e\000r\000n\000-\000b\000a\000s\000e\000d\000\040\000V\000u\000l\000n\000e\000r\000a\000b\000i\000l\000i\000t\000y\000\040\000D\000e\000t\000e\000c\000t\000i\000o\000n}{section.6}% 51
\BOOKMARK [3][]{section*.33}{\376\377\000N\000u\000m\000e\000r\000i\000c\000-\000F\000o\000c\000u\000s\000e\000d\000\040\000A\000n\000a\000l\000y\000s\000i\000s}{subsection.6.1}% 52
\BOOKMARK [4][]{section*.34}{\376\377\000G\000e\000n\000e\000r\000a\000l\000\040\000S\000m\000a\000r\000t\000\040\000C\000o\000n\000t\000r\000a\000c\000t\000\040\000A\000n\000a\000l\000y\000s\000i\000s}{section*.33}% 53
\BOOKMARK [4][]{section*.35}{\376\377\000K\000e\000y\000\040\000D\000i\000s\000t\000i\000n\000c\000t\000i\000o\000n}{section*.33}% 54
\BOOKMARK [2][]{subsection.6.2}{\376\377\000N\000a\000t\000u\000r\000a\000l\000\040\000L\000a\000n\000g\000u\000a\000g\000e\000-\000b\000a\000s\000e\000d\000\040\000I\000n\000t\000e\000n\000t\000\040\000D\000e\000t\000e\000c\000t\000i\000o\000n}{section.6}% 55
\BOOKMARK [3][]{section*.36}{\376\377\000S\000m\000a\000r\000t\000\040\000C\000o\000n\000t\000r\000a\000c\000t\000\040\000C\000o\000m\000m\000e\000n\000t\000-\000C\000o\000d\000e\000\040\000C\000o\000n\000s\000i\000s\000t\000e\000n\000c\000y}{subsection.6.2}% 56
\BOOKMARK [4][]{section*.37}{\376\377\000G\000e\000n\000e\000r\000a\000l\000\040\000S\000o\000f\000t\000w\000a\000r\000e\000\040\000C\000o\000m\000m\000e\000n\000t\000\040\000A\000n\000a\000l\000y\000s\000i\000s}{section*.36}% 57
\BOOKMARK [4][]{section*.38}{\376\377\000L\000i\000m\000i\000t\000a\000t\000i\000o\000n\000s\000\040\000f\000o\000r\000\040\000N\000u\000m\000e\000r\000i\000c\000\040\000I\000n\000t\000e\000n\000t}{section*.36}% 58
\BOOKMARK [4][]{section*.39}{\376\377\000K\000e\000y\000\040\000D\000i\000s\000t\000i\000n\000c\000t\000i\000o\000n}{section*.36}% 59
\BOOKMARK [2][]{subsection.6.3}{\376\377\000F\000o\000r\000m\000a\000l\000\040\000S\000p\000e\000c\000i\000f\000i\000c\000a\000t\000i\000o\000n\000-\000b\000a\000s\000e\000d\000\040\000V\000e\000r\000i\000f\000i\000c\000a\000t\000i\000o\000n}{section.6}% 60
\BOOKMARK [3][]{section*.40}{\376\377\000R\000u\000n\000t\000i\000m\000e\000\040\000A\000s\000s\000e\000r\000t\000i\000o\000n\000\040\000F\000r\000a\000m\000e\000w\000o\000r\000k\000s}{subsection.6.3}% 61
\BOOKMARK [4][]{section*.41}{\376\377\000V\000e\000r\000i\000f\000i\000c\000a\000t\000i\000o\000n\000-\000O\000r\000i\000e\000n\000t\000e\000d\000\040\000L\000a\000n\000g\000u\000a\000g\000e\000s}{section*.40}% 62
\BOOKMARK [4][]{section*.42}{\376\377\000S\000o\000l\000v\000e\000r\000\040\000I\000n\000p\000u\000t\000\040\000L\000a\000n\000g\000u\000a\000g\000e\000s}{section*.40}% 63
\BOOKMARK [4][]{section*.43}{\376\377\000K\000e\000y\000\040\000D\000i\000s\000t\000i\000n\000c\000t\000i\000o\000n}{section*.40}% 64
\BOOKMARK [1][]{section.7}{\376\377\000C\000o\000n\000c\000l\000u\000s\000i\000o\000n}{}% 65
