\BOOKMARK [1][]{section.1}{\376\377\000I\000n\000t\000r\000o\000d\000u\000c\000t\000i\000o\000n}{}% 1
\BOOKMARK [1][]{section.2}{\376\377\000B\000a\000c\000k\000g\000r\000o\000u\000n\000d}{}% 2
\BOOKMARK [2][]{subsection.2.1}{\376\377\000S\000o\000l\000i\000d\000i\000t\000y\000\040\000a\000n\000d\000\040\000I\000t\000s\000\040\000N\000u\000m\000e\000r\000i\000c\000\040\000T\000y\000p\000e\000s}{section.2}% 3
\BOOKMARK [2][]{subsection.2.2}{\376\377\000N\000u\000m\000e\000r\000i\000c\000\040\000L\000o\000g\000i\000c\000a\000l\000\040\000V\000u\000l\000n\000e\000r\000a\000b\000i\000l\000i\000t\000i\000e\000s\000\040\000i\000n\000\040\000S\000m\000a\000r\000t\000\040\000C\000o\000n\000t\000r\000a\000c\000t\000s}{section.2}% 4
\BOOKMARK [1][]{section.3}{\376\377\000M\000o\000t\000i\000v\000a\000t\000i\000o\000n}{}% 5
\BOOKMARK [2][]{subsection.3.1}{\376\377\000W\000h\000y\000\040\000E\000x\000i\000s\000t\000i\000n\000g\000\040\000T\000o\000o\000l\000s\000\040\000M\000i\000s\000s\000\040\000N\000u\000m\000e\000r\000i\000c\000\040\000L\000o\000g\000i\000c\000a\000l\000\040\000V\000u\000l\000n\000e\000r\000a\000b\000i\000l\000i\000t\000i\000e\000s}{section.3}% 6
\BOOKMARK [3][]{section*.5}{\376\377\000\050\0001\000\051\000\040\000S\000t\000a\000t\000i\000c\000\040\000A\000n\000a\000l\000y\000s\000i\000s\000\040\000\050\000P\000a\000t\000t\000e\000r\000n\000-\000\040\000a\000n\000d\000\040\000R\000u\000l\000e\000-\000B\000a\000s\000e\000d\000\051}{subsection.3.1}% 7
\BOOKMARK [4][]{section*.6}{\376\377\000\050\0002\000\051\000\040\000D\000y\000n\000a\000m\000i\000c\000\040\000A\000n\000a\000l\000y\000s\000i\000s\000,\000\040\000F\000u\000z\000z\000i\000n\000g\000,\000\040\000a\000n\000d\000\040\000C\000o\000n\000c\000o\000l\000i\000c\000\040\000E\000x\000e\000c\000u\000t\000i\000o\000n}{section*.5}% 8
\BOOKMARK [4][]{section*.7}{\376\377\000\050\0003\000\051\000\040\000C\000o\000m\000m\000e\000n\000t\000-\000C\000o\000d\000e\000\040\000I\000n\000c\000o\000n\000s\000i\000s\000t\000e\000n\000c\000y\000\040\000\050\000C\000C\000I\000\051\000\040\000D\000e\000t\000e\000c\000t\000i\000o\000n\000\040\000w\000i\000t\000h\000\040\000N\000a\000t\000u\000r\000a\000l\000\040\000L\000a\000n\000g\000u\000a\000g\000e\000\040\000P\000r\000o\000c\000e\000s\000s\000i\000n\000g}{section*.5}% 9
\BOOKMARK [4][]{section*.8}{\376\377\000\050\0004\000\051\000\040\000F\000o\000r\000m\000a\000l\000\040\000V\000e\000r\000i\000f\000i\000c\000a\000t\000i\000o\000n\000\040\000\050\000e\000.\000g\000.\000,\000\040\000K\000E\000V\000M\000,\000\040\000V\000e\000r\000i\000S\000m\000a\000r\000t\000\051}{section*.5}% 10
\BOOKMARK [2][]{subsection.3.2}{\376\377\000D\000e\000s\000i\000g\000n\000\040\000O\000v\000e\000r\000v\000i\000e\000w\000\040\000o\000f\000\040\000S\000o\000l\000i\000d\000i\000t\000y\000\040\000G\000u\000a\000r\000d\000i\000a\000n}{section.3}% 11
\BOOKMARK [3][]{section*.9}{\376\377\000I\000n\000t\000e\000n\000t\000\040\000D\000S\000L\000\040\000S\000u\000m\000m\000a\000r\000y}{subsection.3.2}% 12
\BOOKMARK [4][]{section*.10}{\376\377\000D\000e\000t\000e\000r\000m\000i\000n\000i\000s\000t\000i\000c\000\040\000C\000h\000e\000c\000k\000i\000n\000g\000\040\000P\000r\000o\000c\000e\000d\000u\000r\000e}{section*.9}% 13
\BOOKMARK [4][]{section*.11}{\376\377\000K\000e\000y\000\040\000A\000d\000v\000a\000n\000t\000a\000g\000e\000s}{section*.9}% 14
\BOOKMARK [1][]{section.4}{\376\377\000P\000r\000e\000l\000i\000m\000i\000n\000a\000r\000i\000e\000s}{}% 15
\BOOKMARK [2][]{subsection.4.1}{\376\377\000S\000o\000l\000Q\000D\000e\000b\000u\000g}{section.4}% 16
\BOOKMARK [1][]{section.5}{\376\377\000S\000o\000l\000i\000d\000i\000t\000y\000\040\000G\000u\000a\000r\000d\000i\000a\000n}{}% 17
\BOOKMARK [2][]{subsection.5.1}{\376\377\000I\000n\000t\000e\000n\000t\000\040\000S\000p\000e\000c\000i\000f\000i\000c\000a\000t\000i\000o\000n\000\040\000M\000o\000d\000e\000l}{section.5}% 18
\BOOKMARK [3][]{section*.12}{\376\377\000G\000o\000a\000l\000.}{subsection.5.1}% 19
\BOOKMARK [4][]{section*.13}{\376\377\000F\000o\000r\000m\000u\000l\000a\000s\000\040\000a\000n\000d\000\040\000c\000l\000a\000u\000s\000e\000s\000.}{section*.12}% 20
\BOOKMARK [4][]{section*.14}{\376\377\000P\000r\000i\000m\000i\000t\000i\000v\000e\000\040\000p\000r\000e\000d\000i\000c\000a\000t\000e\000s\000.}{section*.12}% 21
\BOOKMARK [4][]{section*.15}{\376\377\000I\000m\000p\000l\000i\000c\000a\000t\000i\000o\000n\000\040\000\050\000\051\000.}{section*.12}% 22
\BOOKMARK [3][]{subsubsection.5.1.1}{\376\377\000I\000n\000t\000e\000n\000t\000\040\000e\000x\000p\000r\000e\000s\000s\000i\000o\000n\000s}{subsection.5.1}% 23
\BOOKMARK [3][]{subsubsection.5.1.2}{\376\377\000P\000r\000e\040\021\000I\000n\000t\000e\000n\000t\000:\000\040\000s\000e\000e\000d\000i\000n\000g\000\040\000t\000h\000e\000\040\000a\000b\000s\000t\000r\000a\000c\000t\000\040\000s\000t\000o\000r\000e}{subsection.5.1}% 24
\BOOKMARK [3][]{subsubsection.5.1.3}{\376\377\000D\000u\000r\000i\000n\000g\040\021\000I\000n\000t\000e\000n\000t\000:\000\040\000m\000i\000d\040\021\000e\000x\000e\000c\000u\000t\000i\000o\000n\000\040\000c\000h\000e\000c\000k\000s}{subsection.5.1}% 25
\BOOKMARK [3][]{subsubsection.5.1.4}{\376\377\000P\000o\000s\000t\040\021\000I\000n\000t\000e\000n\000t\000:\000\040\000e\000x\000i\000t\040\021\000t\000i\000m\000e\000\040\000c\000h\000e\000c\000k\000s}{subsection.5.1}% 26
\BOOKMARK [3][]{subsubsection.5.1.5}{\376\377\000C\000h\000e\000c\000k\000i\000n\000g\000\040\000s\000e\000m\000a\000n\000t\000i\000c\000s\000\040\000a\000n\000d\000\040\000d\000i\000a\000g\000n\000o\000s\000t\000i\000c\000s}{subsection.5.1}% 27
\BOOKMARK [2][]{subsection.5.2}{\376\377\000G\000u\000a\000r\000d\000i\000a\000n\000\040\000V\000e\000r\000i\000f\000i\000c\000a\000t\000i\000o\000n\000\040\000E\000n\000g\000i\000n\000e}{section.5}% 28
\BOOKMARK [3][]{subsubsection.5.2.1}{\376\377\000A\000r\000c\000h\000i\000t\000e\000c\000t\000u\000r\000e}{subsection.5.2}% 29
\BOOKMARK [4][]{section*.16}{\376\377\000M\000o\000d\000u\000l\000e\000\040\000i\000n\000v\000e\000n\000t\000o\000r\000y\000.}{subsubsection.5.2.1}% 30
\BOOKMARK [4][]{section*.17}{\376\377\000D\000a\000t\000a\000\040\000f\000l\000o\000w\000\040\000a\000n\000d\000\040\000i\000n\000t\000e\000r\000f\000a\000c\000e\000s\000.}{subsubsection.5.2.1}% 31
\BOOKMARK [3][]{subsubsection.5.2.2}{\376\377\000V\000e\000r\000i\000f\000i\000c\000a\000t\000i\000o\000n\000\040\000s\000e\000m\000a\000n\000t\000i\000c\000s}{subsection.5.2}% 32
\BOOKMARK [4][]{section*.18}{\376\377\000C\000o\000r\000e\000\040\000a\000b\000s\000t\000r\000a\000c\000t\000\040\000e\000x\000e\000c\000u\000t\000i\000o\000n\000\040\000w\000i\000t\000h\000\040\000h\000o\000o\000k\000s\000.}{subsubsection.5.2.2}% 33
\BOOKMARK [4][]{section*.19}{\376\377\000E\000x\000p\000r\000e\000s\000s\000i\000o\000n\000\040\000e\000v\000a\000l\000u\000a\000t\000i\000o\000n\000.}{subsubsection.5.2.2}% 34
\BOOKMARK [4][]{section*.20}{\376\377\000I\000n\000t\000e\000r\000v\000a\000l\000\040\000c\000o\000m\000p\000a\000r\000i\000s\000o\000n\000\040\000w\000i\000t\000h\000\040\000d\000i\000a\000g\000n\000o\000s\000t\000i\000c\000s\000.}{subsubsection.5.2.2}% 35
\BOOKMARK [4][]{section*.21}{\376\377\000D\000u\000r\000i\000n\000g\040\021\000i\000n\000t\000e\000n\000t\000\040\000p\000r\000e\000d\000i\000c\000a\000t\000e\000s\000.}{subsubsection.5.2.2}% 36
\BOOKMARK [4][]{section*.22}{\376\377\000P\000o\000s\000t\040\021\000i\000n\000t\000e\000n\000t\000\040\000p\000r\000e\000d\000i\000c\000a\000t\000e\000s\000.}{subsubsection.5.2.2}% 37
\BOOKMARK [4][]{section*.23}{\376\377\000L\000o\000g\000i\000c\000\040\000c\000o\000m\000p\000o\000s\000i\000t\000i\000o\000n\000\040\000a\000n\000d\000\040\000i\000m\000p\000l\000i\000c\000a\000t\000i\000o\000n\000.}{subsubsection.5.2.2}% 38
\BOOKMARK [1][]{section.6}{\376\377\000E\000v\000a\000l\000u\000a\000t\000i\000o\000n}{}% 39
\BOOKMARK [1][]{section.7}{\376\377\000D\000i\000s\000c\000u\000s\000s\000i\000o\000n}{}% 40
\BOOKMARK [1][]{section.8}{\376\377\000R\000e\000l\000a\000t\000e\000d\000\040\000W\000o\000r\000k}{}% 41
\BOOKMARK [2][]{subsection.8.1}{\376\377\000L\000o\000g\000i\000c\000a\000l\000\040\000V\000u\000l\000n\000e\000r\000a\000b\000i\000l\000i\000t\000i\000e\000s\000\040\000D\000e\000t\000e\000c\000t\000i\000o\000n\000\040\000i\000n\000\040\000S\000o\000f\000t\000w\000a\000r\000e\000\040\000S\000y\000s\000t\000e\000m\000s}{section.8}% 42
\BOOKMARK [2][]{subsection.8.2}{\376\377\000C\000o\000d\000e\000-\000C\000o\000m\000m\000e\000n\000t\000\040\000I\000n\000c\000o\000n\000s\000i\000s\000t\000e\000n\000c\000y}{section.8}% 43
\BOOKMARK [1][]{section.9}{\376\377\000C\000o\000n\000c\000l\000u\000s\000i\000o\000n}{}% 44
